LogfileName is:e:\Newpos61\ScannerInstaller\POSScannerInstaller.log
LogfileOrgName is:e:\Newpos61\ScannerInstaller\POSScannerInstaller.log
**************** NewPOS 6.1.36 POS Scanner Installer v21.3.2.5 *****************

20240523:123904.177 MESSAGE: Application has started!
20240523:123904.181 MESSAGE: This device is POS31
20240523:123908.596 MESSAGE: Next Button has been clicked. We are on the first screen.
20240523:123908.596 MESSAGE: Asking the user to confirm they are running .36...
20240523:123911.159 MESSAGE: User has advised they are running .36. Continuing...
20240523:123911.159 MESSAGE: Updating the interface to the scan section...
20240523:123911.159 MESSAGE: Complete!
20240523:123915.689 MESSAGE: User has advised they scanned the barcode.
20240523:123915.689 MESSAGE: Updating the interface to the install section...
20240523:123915.689 MESSAGE: Complete!
20240523:123915.689 MESSAGE: Sleeping for 5 seconds to allow the user to read the instruction...
20240523:123920.715 MESSAGE: Complete!
20240523:123920.715 MESSAGE: Installing the driver...
20240523:123920.824 MESSAGE: Installation Complete!
20240523:123920.824 MESSAGE: Updating the interface to the scanner unplug section...
20240523:123920.824 MESSAGE: Complete!
20240523:123952.327 MESSAGE: User confirmed the have unplugged and plugged in the scanner!
20240523:123952.327 MESSAGE: Updating the interface to communicate the setting of the COM port...
20240523:123952.331 MESSAGE: Complete!
20240523:123952.331 MESSAGE: Sleeping for 5 seconds to allow the system to refresh...
20240523:123957.333 MESSAGE: Setting the COM port...
20240523:123957.334 MESSAGE: Attempting to set COM port for Xenon 1900 Scanner...
20240523:123957.335 MESSAGE: Xenon 1900 scanner profile not detected!
20240523:123957.335 MESSAGE: Attempting to set COM port for Genesis 7580g Scanner...
20240523:123957.335 MESSAGE: Genesis 7580g scanner profile not detected!
20240523:124004.148 MESSAGE: Application has received a request to close...
20240523:124004.148 MESSAGE: Application is now closing.
********************************************************************************

LogfileName is:e:\Newpos61\ScannerInstaller\POSScannerInstaller.log
LogfileOrgName is:e:\Newpos61\ScannerInstaller\POSScannerInstaller.log
**************** NewPOS 6.1.36 POS Scanner Installer v21.3.2.5 *****************

20240523:124038.346 MESSAGE: Application has started!
20240523:124038.350 MESSAGE: This device is POS31
20240523:124040.168 MESSAGE: Next Button has been clicked. We are on the first screen.
20240523:124040.168 MESSAGE: Asking the user to confirm they are running .36...
20240523:124041.317 MESSAGE: User has advised they are running .36. Continuing...
20240523:124041.317 MESSAGE: Updating the interface to the scan section...
20240523:124041.318 MESSAGE: Complete!
20240523:124048.160 MESSAGE: User has advised they scanned the barcode.
20240523:124048.160 MESSAGE: Updating the interface to the install section...
20240523:124048.176 MESSAGE: Complete!
20240523:124048.176 MESSAGE: Sleeping for 5 seconds to allow the user to read the instruction...
20240523:124053.187 MESSAGE: Complete!
20240523:124053.187 MESSAGE: Installing the driver...
20240523:124053.265 MESSAGE: Installation Complete!
20240523:124053.265 MESSAGE: Updating the interface to the scanner unplug section...
20240523:124053.265 MESSAGE: Complete!
20240523:124126.520 MESSAGE: User confirmed the have unplugged and plugged in the scanner!
20240523:124126.520 MESSAGE: Updating the interface to communicate the setting of the COM port...
20240523:124126.520 MESSAGE: Complete!
20240523:124126.520 MESSAGE: Sleeping for 5 seconds to allow the system to refresh...
20240523:124131.547 MESSAGE: Setting the COM port...
20240523:124131.547 MESSAGE: Attempting to set COM port for Xenon 1900 Scanner...
20240523:124131.547 MESSAGE: Xenon 1900 scanner profile not detected!
20240523:124131.547 MESSAGE: Attempting to set COM port for Genesis 7580g Scanner...
20240523:124131.547 MESSAGE: Genesis 7580g scanner profile not detected!
20240523:124132.827 MESSAGE: Application has received a request to close...
20240523:124132.827 MESSAGE: Application is now closing.
********************************************************************************

LogfileName is:e:\Newpos61\ScannerInstaller\POSScannerInstaller.log
LogfileOrgName is:e:\Newpos61\ScannerInstaller\POSScannerInstaller.log
**************** NewPOS 6.1.36 POS Scanner Installer v21.3.2.5 *****************

20240523:124620.822 MESSAGE: Application has started!
20240523:124620.826 MESSAGE: This device is POS31
20240523:124622.520 MESSAGE: Next Button has been clicked. We are on the first screen.
20240523:124622.520 MESSAGE: Asking the user to confirm they are running .36...
20240523:124623.389 MESSAGE: User has advised they are running .36. Continuing...
20240523:124623.389 MESSAGE: Updating the interface to the scan section...
20240523:124623.389 MESSAGE: Complete!
20240523:124626.510 MESSAGE: User has advised they scanned the barcode.
20240523:124626.510 MESSAGE: Updating the interface to the install section...
20240523:124626.526 MESSAGE: Complete!
20240523:124626.526 MESSAGE: Sleeping for 5 seconds to allow the user to read the instruction...
20240523:124631.538 MESSAGE: Complete!
20240523:124631.538 MESSAGE: Installing the driver...
20240523:124631.616 MESSAGE: Installation Complete!
20240523:124631.616 MESSAGE: Updating the interface to the scanner unplug section...
20240523:124631.631 MESSAGE: Complete!
20240523:124651.787 MESSAGE: User confirmed the have unplugged and plugged in the scanner!
20240523:124651.787 MESSAGE: Updating the interface to communicate the setting of the COM port...
20240523:124651.787 MESSAGE: Complete!
20240523:124651.787 MESSAGE: Sleeping for 5 seconds to allow the system to refresh...
20240523:124656.814 MESSAGE: Setting the COM port...
20240523:124656.814 MESSAGE: Attempting to set COM port for Xenon 1900 Scanner...
20240523:124656.814 MESSAGE: Xenon 1900 scanner profile not detected!
20240523:124656.814 MESSAGE: Attempting to set COM port for Genesis 7580g Scanner...
20240523:124656.814 MESSAGE: Genesis 7580g scanner profile not detected!
20240523:124659.257 MESSAGE: Application has received a request to close...
20240523:124659.257 MESSAGE: Application is now closing.
********************************************************************************

LogfileName is:e:\Newpos61\ScannerInstaller\POSScannerInstaller.log
LogfileOrgName is:e:\Newpos61\ScannerInstaller\POSScannerInstaller.log
**************** NewPOS 6.1.36 POS Scanner Installer v21.3.2.5 *****************

20240523:130526.258 MESSAGE: Application has started!
20240523:130526.263 MESSAGE: This device is POS31
20240523:130527.650 MESSAGE: Next Button has been clicked. We are on the first screen.
20240523:130527.650 MESSAGE: Asking the user to confirm they are running .36...
20240523:130529.665 MESSAGE: User has advised they are running .36. Continuing...
20240523:130529.665 MESSAGE: Updating the interface to the scan section...
20240523:130529.665 MESSAGE: Complete!
20240523:130533.459 MESSAGE: User has advised they scanned the barcode.
20240523:130533.459 MESSAGE: Updating the interface to the install section...
20240523:130533.475 MESSAGE: Complete!
20240523:130533.475 MESSAGE: Sleeping for 5 seconds to allow the user to read the instruction...
20240523:130538.486 MESSAGE: Complete!
20240523:130538.486 MESSAGE: Installing the driver...
20240523:130557.424 MESSAGE: Installation Complete!
20240523:130557.424 MESSAGE: Updating the interface to the scanner unplug section...
20240523:130557.434 MESSAGE: Complete!
20240523:130616.065 MESSAGE: User confirmed the have unplugged and plugged in the scanner!
20240523:130616.065 MESSAGE: Updating the interface to communicate the setting of the COM port...
20240523:130616.080 MESSAGE: Complete!
20240523:130616.080 MESSAGE: Sleeping for 5 seconds to allow the system to refresh...
20240523:130621.083 MESSAGE: Setting the COM port...
20240523:130621.084 MESSAGE: Attempting to set COM port for Xenon 1900 Scanner...
20240523:130621.085 MESSAGE: Xenon 1900 scanner profile not detected!
20240523:130621.085 MESSAGE: Attempting to set COM port for Genesis 7580g Scanner...
20240523:130621.085 MESSAGE: Genesis 7580g scanner profile not detected!
LogfileName is:e:\Newpos61\ScannerInstaller\POSScannerInstaller.log
LogfileOrgName is:e:\Newpos61\ScannerInstaller\POSScannerInstaller.log
**************** NewPOS 6.1.36 POS Scanner Installer v21.3.2.5 *****************

20240523:130855.566 MESSAGE: Application has started!
20240523:130855.569 MESSAGE: This device is POS31
20240523:130857.559 MESSAGE: Next Button has been clicked. We are on the first screen.
20240523:130857.559 MESSAGE: Asking the user to confirm they are running .36...
20240523:130858.557 MESSAGE: User has advised they are running .36. Continuing...
20240523:130858.557 MESSAGE: Updating the interface to the scan section...
20240523:130858.557 MESSAGE: Complete!
20240523:130902.150 MESSAGE: User has advised they scanned the barcode.
20240523:130902.150 MESSAGE: Updating the interface to the install section...
20240523:130902.150 MESSAGE: Complete!
20240523:130902.150 MESSAGE: Sleeping for 5 seconds to allow the user to read the instruction...
20240523:130907.161 MESSAGE: Complete!
20240523:130907.161 MESSAGE: Installing the driver...
20240523:130907.448 MESSAGE: Installation Complete!
20240523:130907.448 MESSAGE: Updating the interface to the scanner unplug section...
20240523:130907.448 MESSAGE: Complete!
20240523:130932.500 MESSAGE: User confirmed the have unplugged and plugged in the scanner!
20240523:130932.500 MESSAGE: Updating the interface to communicate the setting of the COM port...
20240523:130932.500 MESSAGE: Complete!
20240523:130932.500 MESSAGE: Sleeping for 5 seconds to allow the system to refresh...
20240523:130937.511 MESSAGE: Setting the COM port...
20240523:130937.511 MESSAGE: Attempting to set COM port for Xenon 1900 Scanner...
20240523:130937.511 MESSAGE: Xenon 1900 scanner profile not detected!
20240523:130937.511 MESSAGE: Attempting to set COM port for Genesis 7580g Scanner...
20240523:130937.511 MESSAGE: Genesis 7580g scanner profile not detected!
20240523:130948.112 MESSAGE: Application has received a request to close...
20240523:130948.112 MESSAGE: Application is now closing.
********************************************************************************

LogfileName is:e:\Newpos61\ScannerInstaller\POSScannerInstaller.log
LogfileOrgName is:e:\Newpos61\ScannerInstaller\POSScannerInstaller.log
**************** NewPOS 6.1.36 POS Scanner Installer v21.3.2.5 *****************

20240523:132357.551 MESSAGE: Application has started!
20240523:132357.555 MESSAGE: This device is POS31
20240523:132401.695 MESSAGE: Application has received a request to close...
20240523:132401.695 MESSAGE: Application is now closing.
********************************************************************************

LogfileName is:e:\Newpos61\ScannerInstaller\POSScannerInstaller.log
LogfileOrgName is:e:\Newpos61\ScannerInstaller\POSScannerInstaller.log
**************** NewPOS 6.1.36 POS Scanner Installer v21.3.2.5 *****************

20240523:132600.352 MESSAGE: Application has started!
20240523:132600.356 MESSAGE: This device is POS31
20240523:132601.333 MESSAGE: Next Button has been clicked. We are on the first screen.
20240523:132601.333 MESSAGE: Asking the user to confirm they are running .36...
20240523:132603.185 MESSAGE: User has advised they are running .36. Continuing...
20240523:132603.185 MESSAGE: Updating the interface to the scan section...
20240523:132603.185 MESSAGE: Complete!
20240523:132611.823 MESSAGE: User has advised they scanned the barcode.
20240523:132611.823 MESSAGE: Updating the interface to the install section...
20240523:132611.823 MESSAGE: Complete!
20240523:132611.823 MESSAGE: Sleeping for 5 seconds to allow the user to read the instruction...
20240523:132616.835 MESSAGE: Complete!
20240523:132616.835 MESSAGE: Installing the driver...
20240523:132616.975 MESSAGE: Installation Complete!
20240523:132616.975 MESSAGE: Updating the interface to the scanner unplug section...
20240523:132616.975 MESSAGE: Complete!
20240523:132634.586 MESSAGE: User confirmed the have unplugged and plugged in the scanner!
20240523:132634.586 MESSAGE: Updating the interface to communicate the setting of the COM port...
20240523:132634.586 MESSAGE: Complete!
20240523:132634.586 MESSAGE: Sleeping for 5 seconds to allow the system to refresh...
20240523:132639.597 MESSAGE: Setting the COM port...
20240523:132639.597 MESSAGE: Attempting to set COM port for Xenon 1900 Scanner...
20240523:132639.597 MESSAGE: Xenon 1900 scanner profile not detected!
20240523:132639.597 MESSAGE: Attempting to set COM port for Genesis 7580g Scanner...
20240523:132639.597 MESSAGE: Genesis 7580g scanner profile not detected!
20240523:132703.766 MESSAGE: Application has received a request to close...
20240523:132703.766 MESSAGE: Application is now closing.
********************************************************************************

LogfileName is:e:\Newpos61\ScannerInstaller\POSScannerInstaller.log
LogfileOrgName is:e:\Newpos61\ScannerInstaller\POSScannerInstaller.log
**************** NewPOS 6.1.36 POS Scanner Installer v21.3.2.5 *****************

20240523:133431.825 MESSAGE: Application has started!
20240523:133431.830 MESSAGE: This device is POS31
20240523:133433.131 MESSAGE: Next Button has been clicked. We are on the first screen.
20240523:133433.131 MESSAGE: Asking the user to confirm they are running .36...
20240523:133434.752 MESSAGE: User has advised they are running .36. Continuing...
20240523:133434.752 MESSAGE: Updating the interface to the scan section...
20240523:133434.752 MESSAGE: Complete!
20240523:133442.902 MESSAGE: User has advised they scanned the barcode.
20240523:133442.902 MESSAGE: Updating the interface to the install section...
20240523:133442.902 MESSAGE: Complete!
20240523:133442.902 MESSAGE: Sleeping for 5 seconds to allow the user to read the instruction...
20240523:133447.913 MESSAGE: Complete!
20240523:133447.913 MESSAGE: Installing the driver...
20240523:133448.182 MESSAGE: Installation Complete!
20240523:133448.182 MESSAGE: Updating the interface to the scanner unplug section...
20240523:133448.182 MESSAGE: Complete!
20240523:133519.857 MESSAGE: User confirmed the have unplugged and plugged in the scanner!
20240523:133519.857 MESSAGE: Updating the interface to communicate the setting of the COM port...
20240523:133519.857 MESSAGE: Complete!
20240523:133519.857 MESSAGE: Sleeping for 5 seconds to allow the system to refresh...
20240523:133524.868 MESSAGE: Setting the COM port...
20240523:133524.868 MESSAGE: Attempting to set COM port for Xenon 1900 Scanner...
20240523:133524.868 MESSAGE: Xenon 1900 scanner profile not detected!
20240523:133524.868 MESSAGE: Attempting to set COM port for Genesis 7580g Scanner...
20240523:133524.868 MESSAGE: Genesis 7580g scanner profile not detected!
20240523:133617.129 MESSAGE: Application has received a request to close...
20240523:133617.129 MESSAGE: Application is now closing.
********************************************************************************

LogfileName is:F:\Newpos61\ScannerInstaller\POSScannerInstaller.log
LogfileOrgName is:F:\Newpos61\ScannerInstaller\POSScannerInstaller.log
**************** NewPOS 6.1.36 POS Scanner Installer v21.3.2.5 *****************

20240628:210744.191 MESSAGE: Application has started!
20240628:210744.194 MESSAGE: This device is 2VVIE
20240628:210745.765 MESSAGE: Next Button has been clicked. We are on the first screen.
20240628:210745.765 MESSAGE: Asking the user to confirm they are running .36...
20240628:210751.728 MESSAGE: User has advised they are running .36. Continuing...
20240628:210751.728 MESSAGE: Updating the interface to the scan section...
20240628:210751.729 MESSAGE: Complete!
20240628:210805.986 MESSAGE: User has advised they scanned the barcode.
20240628:210805.986 MESSAGE: Updating the interface to the install section...
20240628:210805.993 MESSAGE: Complete!
20240628:210805.993 MESSAGE: Sleeping for 5 seconds to allow the user to read the instruction...
20240628:210810.994 MESSAGE: Complete!
20240628:210810.994 MESSAGE: Installing the driver...
20240628:210811.111 MESSAGE: Installation Complete!
20240628:210811.111 MESSAGE: Updating the interface to the scanner unplug section...
20240628:210811.112 MESSAGE: Complete!
20240628:210818.682 MESSAGE: User confirmed the have unplugged and plugged in the scanner!
20240628:210818.682 MESSAGE: Updating the interface to communicate the setting of the COM port...
20240628:210818.686 MESSAGE: Complete!
20240628:210818.686 MESSAGE: Sleeping for 5 seconds to allow the system to refresh...
20240628:210823.688 MESSAGE: Setting the COM port...
20240628:210823.689 MESSAGE: Attempting to set COM port for Xenon 1900 Scanner...
20240628:210823.693 MESSAGE: Xenon 1900 scanner profile not detected!
20240628:210823.693 MESSAGE: Attempting to set COM port for Genesis 7580g Scanner...
20240628:210823.693 MESSAGE: Genesis 7580g scanner profile not detected!
LogfileName is:E:\Newpos61\ScannerInstaller\POSScannerInstaller.log
LogfileOrgName is:E:\Newpos61\ScannerInstaller\POSScannerInstaller.log
**************** NewPOS 6.1.36 POS Scanner Installer v21.3.2.5 *****************

20240629:185502.747 MESSAGE: Application has started!
20240629:185502.747 MESSAGE: This device is JN7TR
20240629:185505.450 MESSAGE: Next Button has been clicked. We are on the first screen.
20240629:185505.450 MESSAGE: Asking the user to confirm they are running .36...
20240629:185507.793 MESSAGE: User has advised they are running .36. Continuing...
20240629:185507.793 MESSAGE: Updating the interface to the scan section...
20240629:185507.793 MESSAGE: Complete!
20240629:185513.997 MESSAGE: User has advised they scanned the barcode.
20240629:185513.997 MESSAGE: Updating the interface to the install section...
20240629:185514.012 MESSAGE: Complete!
20240629:185514.012 MESSAGE: Sleeping for 5 seconds to allow the user to read the instruction...
20240629:185519.028 MESSAGE: Complete!
20240629:185519.028 MESSAGE: Installing the driver...
20240629:185519.450 MESSAGE: Installation Complete!
20240629:185519.450 MESSAGE: Updating the interface to the scanner unplug section...
20240629:185519.450 MESSAGE: Complete!
20240629:185530.560 MESSAGE: User confirmed the have unplugged and plugged in the scanner!
20240629:185530.560 MESSAGE: Updating the interface to communicate the setting of the COM port...
20240629:185530.560 MESSAGE: Complete!
20240629:185530.560 MESSAGE: Sleeping for 5 seconds to allow the system to refresh...
20240629:185535.574 MESSAGE: Setting the COM port...
20240629:185535.574 MESSAGE: Attempting to set COM port for Xenon 1900 Scanner...
20240629:185535.574 MESSAGE: Xenon 1900 scanner profile not detected!
20240629:185535.574 MESSAGE: Attempting to set COM port for Genesis 7580g Scanner...
20240629:185535.574 MESSAGE: Genesis 7580g scanner profile not detected!
LogfileName is:E:\Newpos61\ScannerInstaller\POSScannerInstaller.log
LogfileOrgName is:E:\Newpos61\ScannerInstaller\POSScannerInstaller.log
**************** NewPOS 6.1.36 POS Scanner Installer v21.3.2.5 *****************

20240630:102049.426 MESSAGE: Application has started!
20240630:102049.427 MESSAGE: This device is JN7TR
20240630:102051.376 MESSAGE: Next Button has been clicked. We are on the first screen.
20240630:102051.376 MESSAGE: Asking the user to confirm they are running .36...
20240630:102056.106 MESSAGE: User has advised they are not running .36. Terminating...
20240630:102057.028 MESSAGE: Application has received a request to close...
20240630:102057.028 MESSAGE: Application is now closing.
********************************************************************************

LogfileName is:E:\Newpos61\ScannerInstaller\POSScannerInstaller.log
LogfileOrgName is:E:\Newpos61\ScannerInstaller\POSScannerInstaller.log
**************** NewPOS 6.1.36 POS Scanner Installer v21.3.2.5 *****************

20240630:104658.290 MESSAGE: Application has started!
20240630:104658.292 MESSAGE: This device is JN7TR
20240630:104703.399 MESSAGE: Application has received a request to close...
20240630:104703.399 MESSAGE: Application is now closing.
********************************************************************************

LogfileName is:E:\Newpos61\ScannerInstaller\POSScannerInstaller.log
LogfileOrgName is:E:\Newpos61\ScannerInstaller\POSScannerInstaller.log
**************** NewPOS 6.1.36 POS Scanner Installer v21.3.2.5 *****************

20240725:150023.343 MESSAGE: Application has started!
20240725:150023.346 MESSAGE: This device is JN7TR
20240725:150025.749 MESSAGE: Next Button has been clicked. We are on the first screen.
20240725:150025.749 MESSAGE: Asking the user to confirm they are running .36...
20240725:150027.640 MESSAGE: User has advised they are not running .36. Terminating...
20240725:150028.736 MESSAGE: Application has received a request to close...
20240725:150028.736 MESSAGE: Application is now closing.
********************************************************************************

LogfileName is:E:\Newpos61\ScannerInstaller\POSScannerInstaller.log
LogfileOrgName is:E:\Newpos61\ScannerInstaller\POSScannerInstaller.log
**************** NewPOS 6.1.36 POS Scanner Installer v21.3.2.5 *****************

20240725:153752.111 MESSAGE: Application has started!
20240725:153752.114 MESSAGE: This device is JN7TR
20240725:153752.738 MESSAGE: Next Button has been clicked. We are on the first screen.
20240725:153752.738 MESSAGE: Asking the user to confirm they are running .36...
20240725:153753.684 MESSAGE: User has advised they are running .36. Continuing...
20240725:153753.684 MESSAGE: Updating the interface to the scan section...
20240725:153753.684 MESSAGE: Complete!
20240725:153754.034 MESSAGE: User has advised they scanned the barcode.
20240725:153754.034 MESSAGE: Updating the interface to the install section...
20240725:153754.039 MESSAGE: Complete!
20240725:153754.039 MESSAGE: Sleeping for 5 seconds to allow the user to read the instruction...
20240725:153759.041 MESSAGE: Complete!
20240725:153759.041 MESSAGE: Installing the driver...
20240725:153801.625 MESSAGE: Installation Complete!
20240725:153801.625 MESSAGE: Updating the interface to the scanner unplug section...
20240725:153801.626 MESSAGE: Complete!
LogfileName is:E:\Newpos61\ScannerInstaller\POSScannerInstaller.log
LogfileOrgName is:E:\Newpos61\ScannerInstaller\POSScannerInstaller.log
**************** NewPOS 6.1.36 POS Scanner Installer v21.3.2.5 *****************

20240725:153805.310 MESSAGE: Application has started!
20240725:153805.313 MESSAGE: This device is JN7TR
20240725:153805.884 MESSAGE: Next Button has been clicked. We are on the first screen.
20240725:153805.884 MESSAGE: Asking the user to confirm they are running .36...
20240725:153806.540 MESSAGE: User has advised they are running .36. Continuing...
20240725:153806.540 MESSAGE: Updating the interface to the scan section...
20240725:153806.541 MESSAGE: Complete!
20240725:153807.295 MESSAGE: User has advised they scanned the barcode.
20240725:153807.295 MESSAGE: Updating the interface to the install section...
20240725:153807.299 MESSAGE: Complete!
20240725:153807.299 MESSAGE: Sleeping for 5 seconds to allow the user to read the instruction...
20240725:153812.301 MESSAGE: Complete!
20240725:153812.301 MESSAGE: Installing the driver...
20240725:153812.539 MESSAGE: Installation Complete!
20240725:153812.539 MESSAGE: Updating the interface to the scanner unplug section...
20240725:153812.540 MESSAGE: Complete!
20240725:153815.159 MESSAGE: User confirmed the have unplugged and plugged in the scanner!
20240725:153815.159 MESSAGE: Updating the interface to communicate the setting of the COM port...
20240725:153815.162 MESSAGE: Complete!
20240725:153815.162 MESSAGE: Sleeping for 5 seconds to allow the system to refresh...
20240725:153820.164 MESSAGE: Setting the COM port...
20240725:153820.164 MESSAGE: Attempting to set COM port for Xenon 1900 Scanner...
20240725:153820.165 MESSAGE: Xenon 1900 scanner profile not detected!
20240725:153820.165 MESSAGE: Attempting to set COM port for Genesis 7580g Scanner...
20240725:153820.165 MESSAGE: Genesis 7580g scanner profile not detected!
LogfileName is:E:\Newpos61\ScannerInstaller\POSScannerInstaller.log
LogfileOrgName is:E:\Newpos61\ScannerInstaller\POSScannerInstaller.log
**************** NewPOS 6.1.36 POS Scanner Installer v21.3.2.5 *****************

20240628:164700.173 MESSAGE: Application has started!
20240628:164700.177 MESSAGE: This device is JN7TR
20240628:164701.774 MESSAGE: Next Button has been clicked. We are on the first screen.
20240628:164701.774 MESSAGE: Asking the user to confirm they are running .36...
20240628:164703.141 MESSAGE: User has advised they are running .36. Continuing...
20240628:164703.142 MESSAGE: Updating the interface to the scan section...
20240628:164703.142 MESSAGE: Complete!
20240628:164706.206 MESSAGE: Application has received a request to close...
20240628:164706.206 MESSAGE: Application is now closing.
********************************************************************************

LogfileName is:E:\Newpos61\ScannerInstaller\POSScannerInstaller.log
LogfileOrgName is:E:\Newpos61\ScannerInstaller\POSScannerInstaller.log
**************** NewPOS 6.1.36 POS Scanner Installer v21.3.2.5 *****************

20240627:015308.585 MESSAGE: Application has started!
20240627:015308.588 MESSAGE: This device is JN7TR
20240627:015309.692 MESSAGE: Next Button has been clicked. We are on the first screen.
20240627:015309.692 MESSAGE: Asking the user to confirm they are running .36...
20240627:015310.665 MESSAGE: User has advised they are running .36. Continuing...
20240627:015310.665 MESSAGE: Updating the interface to the scan section...
20240627:015310.666 MESSAGE: Complete!
20240627:015311.379 MESSAGE: User has advised they scanned the barcode.
20240627:015311.379 MESSAGE: Updating the interface to the install section...
20240627:015311.384 MESSAGE: Complete!
20240627:015311.384 MESSAGE: Sleeping for 5 seconds to allow the user to read the instruction...
20240627:015316.399 MESSAGE: Complete!
20240627:015316.399 MESSAGE: Installing the driver...
20240627:015316.841 MESSAGE: Installation Complete!
20240627:015316.841 MESSAGE: Updating the interface to the scanner unplug section...
20240627:015316.842 MESSAGE: Complete!
LogfileName is:E:\Newpos61\ScannerInstaller\POSScannerInstaller.log
LogfileOrgName is:E:\Newpos61\ScannerInstaller\POSScannerInstaller.log
**************** NewPOS 6.1.36 POS Scanner Installer v21.3.2.5 *****************

20240728:030015.110 MESSAGE: Application has started!
20240728:030015.112 MESSAGE: This device is JN7TR
20240728:030016.709 MESSAGE: Next Button has been clicked. We are on the first screen.
20240728:030016.709 MESSAGE: Asking the user to confirm they are running .36...
20240728:030117.767 MESSAGE: User has advised they are running .36. Continuing...
20240728:030117.767 MESSAGE: Updating the interface to the scan section...
20240728:030117.768 MESSAGE: Complete!
20240728:030126.887 MESSAGE: User has advised they scanned the barcode.
20240728:030126.887 MESSAGE: Updating the interface to the install section...
20240728:030126.892 MESSAGE: Complete!
20240728:030126.892 MESSAGE: Sleeping for 5 seconds to allow the user to read the instruction...
20240728:030131.894 MESSAGE: Complete!
20240728:030131.894 MESSAGE: Installing the driver...
20240728:030132.172 MESSAGE: Installation Complete!
20240728:030132.172 MESSAGE: Updating the interface to the scanner unplug section...
20240728:030132.173 MESSAGE: Complete!
20240728:030213.880 MESSAGE: User confirmed the have unplugged and plugged in the scanner!
20240728:030213.880 MESSAGE: Updating the interface to communicate the setting of the COM port...
20240728:030213.884 MESSAGE: Complete!
20240728:030213.884 MESSAGE: Sleeping for 5 seconds to allow the system to refresh...
20240728:030218.886 MESSAGE: Setting the COM port...
20240728:030218.886 MESSAGE: Attempting to set COM port for Xenon 1900 Scanner...
20240728:030218.889 MESSAGE: Xenon 1900 scanner profile not detected!
20240728:030218.889 MESSAGE: Attempting to set COM port for Genesis 7580g Scanner...
20240728:030218.889 MESSAGE: Genesis 7580g scanner profile not detected!
LogfileName is:F:\Newpos61\ScannerInstaller\POSScannerInstaller.log
LogfileOrgName is:F:\Newpos61\ScannerInstaller\POSScannerInstaller.log
**************** NewPOS 6.1.36 POS Scanner Installer v21.3.2.5 *****************

20240801:001752.108 MESSAGE: Application has started!
20240801:001752.111 MESSAGE: This device is JN7TR
20240801:001753.854 MESSAGE: Next Button has been clicked. We are on the first screen.
20240801:001753.854 MESSAGE: Asking the user to confirm they are running .36...
20240801:001755.210 MESSAGE: User has advised they are running .36. Continuing...
20240801:001755.210 MESSAGE: Updating the interface to the scan section...
20240801:001755.210 MESSAGE: Complete!
20240801:001757.957 MESSAGE: Application has received a request to close...
20240801:001757.957 MESSAGE: Application is now closing.
********************************************************************************

LogfileName is:F:\Newpos61\ScannerInstaller\POSScannerInstaller.log
LogfileOrgName is:F:\Newpos61\ScannerInstaller\POSScannerInstaller.log
**************** NewPOS 6.1.36 POS Scanner Installer v21.3.2.5 *****************

20240628:194924.531 MESSAGE: Application has started!
20240628:194924.534 MESSAGE: This device is JN7TR
20240628:194925.688 MESSAGE: Next Button has been clicked. We are on the first screen.
20240628:194925.688 MESSAGE: Asking the user to confirm they are running .36...
20240628:194927.098 MESSAGE: User has advised they are running .36. Continuing...
20240628:194927.098 MESSAGE: Updating the interface to the scan section...
20240628:194927.099 MESSAGE: Complete!
20240628:194941.497 MESSAGE: User has advised they scanned the barcode.
20240628:194941.497 MESSAGE: Updating the interface to the install section...
20240628:194941.504 MESSAGE: Complete!
20240628:194941.504 MESSAGE: Sleeping for 5 seconds to allow the user to read the instruction...
20240628:194946.509 MESSAGE: Complete!
20240628:194946.509 MESSAGE: Installing the driver...
20240628:194946.892 MESSAGE: Installation Complete!
20240628:194946.892 MESSAGE: Updating the interface to the scanner unplug section...
20240628:194946.893 MESSAGE: Complete!
20240628:195004.549 MESSAGE: User confirmed the have unplugged and plugged in the scanner!
20240628:195004.549 MESSAGE: Updating the interface to communicate the setting of the COM port...
20240628:195004.553 MESSAGE: Complete!
20240628:195004.553 MESSAGE: Sleeping for 5 seconds to allow the system to refresh...
20240628:195009.563 MESSAGE: Setting the COM port...
20240628:195009.563 MESSAGE: Attempting to set COM port for Xenon 1900 Scanner...
20240628:195009.565 MESSAGE: Xenon 1900 scanner profile not detected!
20240628:195009.565 MESSAGE: Attempting to set COM port for Genesis 7580g Scanner...
20240628:195009.565 MESSAGE: Genesis 7580g scanner profile not detected!
LogfileName is:F:\Newpos61\ScannerInstaller\POSScannerInstaller.log
LogfileOrgName is:F:\Newpos61\ScannerInstaller\POSScannerInstaller.log
**************** NewPOS 6.1.36 POS Scanner Installer v21.3.2.5 *****************

20240810:161553.305 MESSAGE: Application has started!
20240810:161553.308 MESSAGE: This device is JN7TR
20240810:161601.745 MESSAGE: Next Button has been clicked. We are on the first screen.
20240810:161601.745 MESSAGE: Asking the user to confirm they are running .36...
20240810:161609.246 MESSAGE: User has advised they are running .36. Continuing...
20240810:161609.246 MESSAGE: Updating the interface to the scan section...
20240810:161609.246 MESSAGE: Complete!
20240810:161611.590 MESSAGE: User has advised they scanned the barcode.
20240810:161611.590 MESSAGE: Updating the interface to the install section...
20240810:161611.596 MESSAGE: Complete!
20240810:161611.596 MESSAGE: Sleeping for 5 seconds to allow the user to read the instruction...
20240810:161616.606 MESSAGE: Complete!
20240810:161616.606 MESSAGE: Installing the driver...
20240810:161616.854 MESSAGE: Installation Complete!
20240810:161616.854 MESSAGE: Updating the interface to the scanner unplug section...
20240810:161616.855 MESSAGE: Complete!
